C51 COMPILER V9.00   MAIN                                                                  12/25/2020 23:37:52 PAGE 1   


C51 COMPILER V9.00, COMPILATION OF MODULE MAIN
OBJECT MODULE PLACED IN main.OBJ
COMPILER INVOKED BY: D:\keil\C51\BIN\C51.EXE main.c BROWSE DEBUG OBJECTEXTEND

line level    source

   1          #include <reg52.h>
   2          #include "stdio.h"
   3          #include "Serial.h"
   4          #include "StepMotor.h"
   5          #include "mpu6050.h"
*** WARNING C280 IN LINE 271 OF MPU6050.H: 'i': unreferenced local variable
   6          #define pi 3.14159
   7          
   8          void main()
   9          {
  10   1          int x,y,z;
  11   1          // while(1)
  12   1          // {
  13   1          delay(500);
  14   1              InitRs232();
  15   1          InitMPU6050();
  16   1      
  17   1          while(1){
  18   2          x = GetData(ACCEL_XOUT_H);
  19   2          y = GetData(ACCEL_YOUT_H);
  20   2          z = GetData(ACCEL_ZOUT_H);
  21   2          send2Host(x,y,z);
  22   2          // sendString(x);
  23   2              // sendString(y);
  24   2              // sendString(z);
  25   2          //sendData(0x0d);
  26   2          //sendData(0x0a);
  27   2          // tx = (atan((float)x/sqrt(fabs(y*y+z*z))));
  28   2          
  29   2      
  30   2          //omega = omega *4000/48;
  31   2          // sendData('A');
  32   2              // }
  33   2      //      omega /=10;
  34   2      //     if(omega>0)
  35   2      //     motorRun(0,omega,10);
  36   2      //     else
  37   2      //     motorRun(1,-omega,10);
  38   2      //    // mpu();
  39   2           delay(200);
  40   2          }
  41   1          
  42   1      }
  43          
  44          


MODULE INFORMATION:   STATIC OVERLAYABLE
   CODE SIZE        =   1187    ----
   CONSTANT SIZE    =     16    ----
   XDATA SIZE       =   ----    ----
   PDATA SIZE       =   ----    ----
   DATA SIZE        =      9      31
   IDATA SIZE       =   ----    ----
   BIT SIZE         =   ----       1
C51 COMPILER V9.00   MAIN                                                                  12/25/2020 23:37:52 PAGE 2   

END OF MODULE INFORMATION.


C51 COMPILATION COMPLETE.  1 WARNING(S),  0 ERROR(S)
