C51 COMPILER V9.00   MAIN                                                                  12/24/2020 14:51:26 PAGE 1   


C51 COMPILER V9.00, COMPILATION OF MODULE MAIN
OBJECT MODULE PLACED IN main.OBJ
COMPILER INVOKED BY: D:\keil\C51\BIN\C51.EXE main.c BROWSE DEBUG OBJECTEXTEND

line level    source

   1          #include <reg52.h>
   2          #include "stdio.h"
   3          #include "Serial.h"
   4          #include "StepMotor.h"
   5          #include "mpu6050.h"
   6          #define Round 4096
   7          
   8          void main()
   9          {
  10   1          int omega;
  11   1          // while(1)
  12   1          // {
  13   1          delay(500);
  14   1              InitRs232();
  15   1          InitMPU6050();
  16   1      
  17   1          while(1){
  18   2          omega = GetData(GYRO_ZOUT_H);
  19   2          //omega = omega *4000/48;
  20   2          // sendData('A');
  21   2              // }
  22   2              omega /=10;
  23   2          if(omega>0)
  24   2          motorRun(0,omega,10);
  25   2          else
  26   2          motorRun(1,-omega,10);
  27   2         // mpu();
  28   2          delay(00);
  29   2          }
  30   1          
  31   1      }


MODULE INFORMATION:   STATIC OVERLAYABLE
   CODE SIZE        =    900    ----
   CONSTANT SIZE    =     16    ----
   XDATA SIZE       =   ----    ----
   PDATA SIZE       =   ----    ----
   DATA SIZE        =      9      15
   IDATA SIZE       =   ----    ----
   BIT SIZE         =   ----       1
END OF MODULE INFORMATION.


C51 COMPILATION COMPLETE.  0 WARNING(S),  0 ERROR(S)
